<?xml version="1.0" encoding="UTF-8"?>
<testsuites name="Mocha Tests" time="0.0040" tests="2" failures="0">
  <testsuite name="Root Suite" timestamp="2026-03-12T12:28:20" tests="0" time="0.0000" failures="0">
  </testsuite>
  <testsuite name="Math tests" timestamp="2026-03-12T12:28:20" tests="2" file="C:\Users\eskan\OneDrive\Desktop\CADevops\test\app.test.js" time="0.0040" failures="0">
    <testcase name="Math tests should return 5 when adding 2 + 3" time="0.0040" classname="should return 5 when adding 2 + 3">
    </testcase>
    <testcase name="Math tests should return 8 when multiplying 4 * 2" time="0.0000" classname="should return 8 when multiplying 4 * 2">
    </testcase>
  </testsuite>
</testsuites>